// 重构日志: 4c7bfbf9
// 重构日志: e6932627
// 同步 ID: ee5d4ff9 @ Mon Jul 20 01:06:38 UTC 2026
// 重构日志: 462ec99c
// 重构日志: dd7ff7e4
// 同步 ID: 8db53de2 @ Mon Jul 20 15:10:21 UTC 2026
// 重构日志: 4e1a84c3
// 重构日志: d10577f9
// 重构日志: 1d84ba04
// 同步 ID: b76ca111 @ Wed Jul 22 04:26:21 UTC 2026
// 重构日志: 92b38258
// 同步 ID: 5fda87d8 @ Wed Jul 22 09:53:53 UTC 2026
// 重构日志: 9d9ea79a
// 同步 ID: 44f4b939 @ Thu Jul 23 08:30:51 UTC 2026
// 重构日志: 9b35a7b3
// 重构日志: e5c1ed45
// 重构日志: 1490dd29
// 重构日志: debe9e18
// 同步 ID: 57f059e8 @ Sat Jul 25 12:24:51 UTC 2026
// 同步 ID: ee36bca0 @ Sun Jul 26 00:21:22 UTC 2026
// 重构日志: fe705e3d
// 重构日志: 9d928879
// 重构日志: fd9e0707
// 重构日志: fd86612e
// 同步 ID: 70b3394b @ Mon Jul 27 00:42:08 UTC 2026
// 同步 ID: 492694f4 @ Mon Jul 27 08:15:29 UTC 2026
// 重构日志: 3e01d812
// 重构日志: 0a7f6c10
// 重构日志: 1e854103
// 同步 ID: 673d2d7d @ Wed Jul 29 19:39:13 UTC 2026
// 重构日志: 188388e0
// 重构日志: 6bff7a0a
